21:57:46 | WARNING | Invalid Discord token; notifications disabled.
21:58:32 | INFO | Launching Chrome for CSFloat login...
21:58:43 | INFO | Browser opened. Please login (Steam SSO) in the window, then return here.
21:59:00 | INFO | Capturing cookies and session details...
21:59:00 | INFO | Collected 7 cookies.
21:59:00 | INFO | Captured UA: Mozilla/5.0 (Windows NT 10.0; Win64; x64) AppleWebKit/537.36 (KHTML, like Gecko) Chrome/140.0.0.0 Safari/537.36
21:59:00 | INFO | Session captured. You can keep the browser open or close it.
21:59:06 | INFO | Monitor started.
21:59:06 | INFO | Scraped 0 newest listings.
21:59:06 | INFO | No new matching items this cycle.
21:59:08 | INFO | Browser closed.
21:59:21 | INFO | Scraped 0 newest listings.
21:59:21 | INFO | No new matching items this cycle.
21:59:37 | INFO | Scraped 0 newest listings.
21:59:37 | INFO | No new matching items this cycle.
21:59:52 | INFO | Scraped 0 newest listings.
21:59:52 | INFO | No new matching items this cycle.
22:00:07 | INFO | Scraped 0 newest listings.
22:00:07 | INFO | No new matching items this cycle.
22:00:22 | INFO | Scraped 0 newest listings.
22:00:22 | INFO | No new matching items this cycle.
22:00:38 | INFO | Scraped 0 newest listings.
22:00:38 | INFO | No new matching items this cycle.
22:00:43 | INFO | Scraped 0 newest listings.
22:00:43 | INFO | No new matching items this cycle.
22:00:48 | INFO | Scraped 0 newest listings.
22:00:48 | INFO | No new matching items this cycle.
22:00:53 | INFO | Scraped 0 newest listings.
22:00:53 | INFO | Browser closed.
